SQL> select ename from emp01;

ENAME                                                                           
--------------------------------------------------------------------------------
홍길동                                                                          
이순신                                                                          
강감찬                                                                          

SQL> select ename,deptno from emp01;

ENAME                                                                           
--------------------------------------------------------------------------------
    DEPTNO                                                                      
----------                                                                      
홍길동                                                                          
        10                                                                      
                                                                                
이순신                                                                          
        20                                                                      
                                                                                
강감찬                                                                          
        10                                                                      
                                                                                

SQL> spool offf
